// Jest Snapshot v1, https://goo.gl/fbAQLP

exports[`Test render Calculator component renders correctly 1`] = `
<div
  className="container"
>
  <div
    className="calculator"
  >
    <output
      className="input-output"
    />
    <div
      className="div-line1"
    >
      <button
        className="ac-btn"
        name="AC"
        onClick={[Function]}
        type="button"
      >
        AC
      </button>
      <button
        className="plus-minus-btn"
        name="+/-"
        onClick={[Function]}
        type="button"
      >
        ±
      </button>
      <button
        className="percent-btn"
        name="%"
        onClick={[Function]}
        type="button"
      >
        %
      </button>
      <button
        className="divide-btn"
        name="÷"
        onClick={[Function]}
        type="button"
      >
        ÷
      </button>
    </div>
    <div
      className="div-line2"
    >
      <button
        className="seven-btn"
        name="7"
        onClick={[Function]}
        type="button"
      >
        7
      </button>
      <button
        className="eight-btn"
        name="8"
        onClick={[Function]}
        type="button"
      >
        8
      </button>
      <button
        className="nine-btn"
        name="9"
        onClick={[Function]}
        type="button"
      >
        9
      </button>
      <button
        className="multiply-btn"
        name="x"
        onClick={[Function]}
        type="button"
      >
        ×
      </button>
    </div>
    <div
      className="div-line3"
    >
      <button
        className="four-btn"
        name="4"
        onClick={[Function]}
        type="button"
      >
        4
      </button>
      <button
        className="five-btn"
        name="5"
        onClick={[Function]}
        type="button"
      >
        5
      </button>
      <button
        className="six-btn"
        name="6"
        onClick={[Function]}
        type="button"
      >
        6
      </button>
      <button
        className="subtract-btn"
        name="-"
        onClick={[Function]}
        type="button"
      >
        −
      </button>
    </div>
    <div
      className="div-line4"
    >
      <button
        className="one-btn"
        name="1"
        onClick={[Function]}
        type="button"
      >
        1
      </button>
      <button
        className="two-btn"
        name="2"
        onClick={[Function]}
        type="button"
      >
        2
      </button>
      <button
        className="three-btn"
        name="3"
        onClick={[Function]}
        type="button"
      >
        3
      </button>
      <button
        className="plus-btn"
        name="+"
        onClick={[Function]}
        type="button"
      >
        +
      </button>
    </div>
    <div
      className="div-line5"
    >
      <button
        className="zero-btn"
        name="0"
        onClick={[Function]}
        type="button"
      >
        0
      </button>
      <button
        className="fullstop-btn"
        name="."
        onClick={[Function]}
        type="button"
      >
        ⋅
      </button>
      <button
        className="equals-btn"
        name="="
        onClick={[Function]}
        type="button"
      >
        =
      </button>
    </div>
  </div>
</div>
`;
